$ astro build
17:50:30 [content] Syncing content
17:50:30 [content] Synced content
17:50:30 [types] Generated 807ms
17:50:30 [build] output: "static"
17:50:30 [build] mode: "static"
17:50:30 [build] directory: /app/dist/
17:50:30 [build] Collecting build info...
17:50:30 [build] ✓ Completed in 875ms.
17:50:30 [build] Building static entrypoints...
17:50:34 [vite] ✓ built in 4.53s
17:50:35 [vite] ✓ built in 134ms
17:50:35 [build] Rearranging server assets...

 generating static routes
17:50:35   ├─ /benchmarks/arc-c/index.html (+18ms)
17:50:35   ├─ /benchmarks/arena-hard-v2/index.html (+4ms)
17:50:35   ├─ /benchmarks/chatbot-arena-elo/index.html (+3ms)
17:50:35   ├─ /benchmarks/clip-score/index.html (+4ms)
17:50:35   ├─ /benchmarks/fid/index.html (+3ms)
17:50:35   ├─ /benchmarks/geneval/index.html (+2ms)
17:50:35   ├─ /benchmarks/gpqa/index.html (+3ms)
17:50:35   ├─ /benchmarks/gsm8k/index.html (+3ms)
17:50:35   ├─ /benchmarks/humaneval/index.html (+4ms)
17:50:35   ├─ /benchmarks/kmmlu/index.html (+3ms)
17:50:35   ├─ /benchmarks/logickor/index.html (+2ms)
17:50:35   ├─ /benchmarks/math/index.html (+2ms)
17:50:35   ├─ /benchmarks/mathvista/index.html (+2ms)
17:50:35   ├─ /benchmarks/mbpp/index.html (+2ms)
17:50:35   ├─ /benchmarks/mcp-atlas/index.html (+3ms)
17:50:35   ├─ /benchmarks/mmlu/index.html (+2ms)
17:50:35   ├─ /benchmarks/mmlu-pro/index.html (+2ms)
17:50:35   ├─ /benchmarks/mmmu/index.html (+2ms)
17:50:35   ├─ /benchmarks/mos/index.html (+2ms)
17:50:35   ├─ /benchmarks/mt-bench/index.html (+2ms)
17:50:35   ├─ /benchmarks/osworld-verified/index.html (+2ms)
17:50:35   ├─ /benchmarks/swe-bench-pro/index.html (+2ms)
17:50:35   ├─ /benchmarks/swe-bench-verified/index.html (+2ms)
17:50:35   ├─ /benchmarks/tau-bench-telecom/index.html (+2ms)
17:50:35   ├─ /benchmarks/toolathlon/index.html (+2ms)
17:50:35   ├─ /benchmarks/trivia-qa/index.html (+6ms)
17:50:35   ├─ /benchmarks/video-mme/index.html (+2ms)
17:50:35   ├─ /benchmarks/wer-fleurs-ko/index.html (+2ms)
17:50:35   ├─ /benchmarks/wer-librispeech-clean/index.html (+2ms)
17:50:35   ├─ /leaderboard/index.html (+27ms)
17:50:35   ├─ /models/alphaevolve/index.html (+3ms)
17:50:35   ├─ /models/claude-4-sonnet/index.html (+2ms)
17:50:35   ├─ /models/claude-mythos-preview/index.html (+2ms)
17:50:35   ├─ /models/claude-opus-4-7/index.html (+2ms)
17:50:35   ├─ /models/claude-sonnet-4-6/index.html (+2ms)
17:50:35   ├─ /models/command-a-plus-05-2026/index.html (+2ms)
17:50:35   ├─ /models/deep-research-max/index.html (+2ms)
17:50:35   ├─ /models/deepseek-r1/index.html (+2ms)
17:50:35   ├─ /models/deepseek-v3/index.html (+2ms)
17:50:35   ├─ /models/deepseek-v32/index.html (+2ms)
17:50:35   ├─ /models/deepseek-v4-flash/index.html (+6ms)
17:50:35   ├─ /models/deepseek-v4-pro/index.html (+2ms)
17:50:35   ├─ /models/eeve-korean-108b/index.html (+2ms)
17:50:35   ├─ /models/exaone-30/index.html (+2ms)
17:50:35   ├─ /models/exaone-4-5-33b/index.html (+2ms)
17:50:35   ├─ /models/gemini-3-1-flash-lite/index.html (+2ms)
17:50:35   ├─ /models/gemini-3-1-pro/index.html (+2ms)
17:50:35   ├─ /models/gemini-3-flash/index.html (+1ms)
17:50:35   ├─ /models/gemini-35-flash/index.html (+1ms)
17:50:35   ├─ /models/gemini-deep-research/index.html (+2ms)
17:50:35   ├─ /models/gemini-omni-flash/index.html (+1ms)
17:50:35   ├─ /models/gemma-3-12b/index.html (+1ms)
17:50:35   ├─ /models/gemma-3-27b/index.html (+1ms)
17:50:35   ├─ /models/gemma-4-31b-dense/index.html (+1ms)
17:50:35   ├─ /models/glm-5/index.html (+2ms)
17:50:35   ├─ /models/google-antigravity-20/index.html (+1ms)
17:50:35   ├─ /models/gpt-4o/index.html (+2ms)
17:50:35   ├─ /models/gpt-5-5/index.html (+2ms)
17:50:35   ├─ /models/gpt-5-5-pro/index.html (+2ms)
17:50:35   ├─ /models/gpt-realtime-2/index.html (+2ms)
17:50:35   ├─ /models/granite-41-30b/index.html (+2ms)
17:50:35   ├─ /models/granite-41-3b/index.html (+2ms)
17:50:35   ├─ /models/granite-41-8b/index.html (+2ms)
17:50:35   ├─ /models/grok-4-20/index.html (+1ms)
17:50:35   ├─ /models/grok-4-3/index.html (+2ms)
17:50:35   ├─ /models/grok-420-multi-agent/index.html (+2ms)
17:50:35   ├─ /models/hyperclova-x/index.html (+2ms)
17:50:35   ├─ /models/kimi-k25/index.html (+2ms)
17:50:35   ├─ /models/kimi-k26/index.html (+2ms)
17:50:35   ├─ /models/llama-31-405b/index.html (+2ms)
17:50:35   ├─ /models/llama-4-maverick-17b/index.html (+2ms)
17:50:35   ├─ /models/llama-4-scout-17b/index.html (+2ms)
17:50:35   ├─ /models/minimax-m2-7/index.html (+2ms)
17:50:35   ├─ /models/ministral-3-14b-reasoning/index.html (+2ms)
17:50:35   ├─ /models/ministral-3-3b/index.html (+2ms)
17:50:35   ├─ /models/ministral-3-8b/index.html (+2ms)
17:50:35   ├─ /models/mistral-large-3/index.html (+2ms)
17:50:35   ├─ /models/mistral-medium-3-5/index.html (+2ms)
17:50:35   ├─ /models/qwen-25-72b/index.html (+2ms)
17:50:35   ├─ /models/qwen-3-235b/index.html (+2ms)
17:50:35   ├─ /models/qwen-plus/index.html (+2ms)
17:50:35   ├─ /models/rakuten-ai-7b-instruct/index.html (+2ms)
17:50:35   ├─ /models/sakana-fugu-ultra/index.html (+1ms)
17:50:35   ├─ /models/sakana-marlin/index.html (+2ms)
17:50:35   ├─ /models/solar-mini/index.html (+2ms)
17:50:35   ├─ /models/solar-pro-3/index.html (+2ms)
17:50:35   ├─ /models/syn-pro/index.html (+2ms)
17:50:35   ├─ /models/trinity-coordinator/index.html (+1ms)
17:50:35   ├─ /models/yi-lightning/index.html (+2ms)
17:50:35   ├─ /news/index.html (+3ms)
17:50:35   ├─ /notes/index.html (+8ms)
17:50:35   ├─ /notes/2026-04-20-sample-decision/index.html (+3ms)
17:50:35   ├─ /notes/2026-04-23-sample-postmortem/index.html (+2ms)
17:50:35   ├─ /organizations/google-research/index.html (+2ms)
17:50:35   ├─ /organizations/lmsys/index.html (+3ms)
17:50:35   ├─ /organizations/nyu/index.html (+2ms)
17:50:35   ├─ /organizations/tiger-lab/index.html (+2ms)
17:50:35   ├─ /organizations/uc-berkeley/index.html (+2ms)
17:50:35   ├─ /resources/index.html (+3ms)
17:50:35   ├─ /index.html (+9ms)
17:50:35 ✓ Completed in 419ms.

17:50:35 [build] ✓ Completed in 5.15s.
17:50:35 [@astrojs/sitemap] `sitemap-index.xml` created at `dist`
17:50:35 [build] 100 page(s) built in 6.06s
17:50:35 [build] Complete!
